// Jest Snapshot v1, https://goo.gl/fbAQLP

exports[`ExampleComponent should match snapshot 1`] = `
<prefix-example
  output={[Function EventEmitter]}
>
  <p>
    example works!
  </p>
</prefix-example>
`;
